// Jest Snapshot v1, https://goo.gl/fbAQLP

exports[`Navbar should render with a text element if no image found 1`] = `
<nav
  className="navbar"
>
  <a
    className="brand"
    href="/"
  >
    Test
  </a>
  <ul
    className="nav-list"
  >
    <li
      className="nav-item"
    >
      <a
        href="/contact"
      >
        Contact
      </a>
    </li>
  </ul>
</nav>
`;

exports[`Navbar should render with an image if found 1`] = `
<nav
  className="navbar"
>
  <a
    className="brand"
    href="/"
  >
    <div
      className=" gatsby-image-wrapper"
      style={
        Object {
          "display": "inline-block",
          "height": 50,
          "overflow": "hidden",
          "position": "relative",
          "width": 50,
        }
      }
    >
      <img
        alt=""
        aria-hidden={true}
        src="data:image/png"
        style={
          Object {
            "height": "100%",
            "left": 0,
            "objectFit": "cover",
            "objectPosition": "center",
            "opacity": 1,
            "position": "absolute",
            "top": 0,
            "transitionDelay": "500ms",
            "width": "100%",
          }
        }
      />
      <picture>
        <source
          srcSet=""
        />
        <img
          alt="Logo"
          height={50}
          loading="lazy"
          onLoad={[Function]}
          src="/static/123/456/logo.png"
          srcSet=""
          style={
            Object {
              "height": "100%",
              "left": 0,
              "objectFit": "cover",
              "objectPosition": "center",
              "opacity": 0,
              "position": "absolute",
              "top": 0,
              "transition": "opacity 500ms",
              "width": "100%",
            }
          }
          width={50}
        />
      </picture>
      <noscript
        dangerouslySetInnerHTML={
          Object {
            "__html": "<picture><source srcset=\\"\\" /><img loading=\\"lazy\\" width=\\"50\\" height=\\"50\\" src=\\"/static/123/456/logo.png\\" alt=\\"Logo\\" style=\\"position:absolute;top:0;left:0;opacity:1;width:100%;height:100%;object-fit:cover;object-position:center\\"/></picture>",
          }
        }
      />
    </div>
  </a>
  <ul
    className="nav-list"
  >
    <li
      className="nav-item"
    >
      <a
        href="/contact"
      >
        Contact
      </a>
    </li>
  </ul>
</nav>
`;
