// Jest Snapshot v1, https://goo.gl/fbAQLP

exports[`Button should render a button 1`] = `
<body>
  <div>
    <button
      class="btn "
      data-testid="Submit"
      type="button"
    >
      Submit
    </button>
  </div>
</body>
`;
